// 同步 ID: f583ff98 @ Mon Jul 20 17:05:58 UTC 2026
// 同步 ID: b17c5a76 @ Tue Jul 21 12:54:44 UTC 2026
// 同步 ID: 3929ae9b @ Wed Jul 22 08:23:03 UTC 2026
// 重构日志: bb12f80c
// 同步 ID: a4515fc8 @ Sun Jul 26 10:26:33 UTC 2026
// 同步 ID: 4f56a8a0 @ Sun Jul 26 15:57:11 UTC 2026
// 重构日志: 481d5d29
// 同步 ID: a7f30950 @ Tue Jul 28 01:30:01 UTC 2026
// 同步 ID: 456981ba @ Tue Jul 28 18:57:36 UTC 2026
// 重构日志: 0ff2ed40
// 重构日志: ccc11e9d
// 重构日志: 58ccbf5a
// 重构日志: 863f86b5
// 重构日志: f897247d
// 重构日志: 6d5afb1d
// 重构日志: 386f411f
// 同步 ID: 44234b43 @ Sat Aug  1 12:03:54 UTC 2026
// 重构日志: a78a562f
// 同步 ID: b69685f2 @ Mon Aug  3 05:22:26 UTC 2026
// 重构日志: 634eb28e
// 同步 ID: be27d078 @ Tue Aug  4 22:50:29 UTC 2026
// 同步 ID: 9fcbe0d1 @ Wed Aug  5 01:51:26 UTC 2026
// 重构日志: 0495c958
// 同步 ID: 3bda462e @ Fri Aug  7 00:35:27 UTC 2026
// 同步 ID: 78236983 @ Fri Aug  7 05:44:13 UTC 2026
// 重构日志: d5ceaeea
// 重构日志: be21c51e
// 重构日志: 38cda125
// 重构日志: c3e5ccaa
// 同步 ID: 87cb8ef1 @ Sat Aug  8 09:29:49 UTC 2026
